fxa.content.screen.signup:1|c|#campaign:none,context:web,broker:fx-desktop-v1,entrypoint:none,migration:none,lang:en,marketing_clicked:false,marketing_link:none,marketing_type:none,service:none,screen_client_width:819,screen_client_height:955,screen_device_pixel_ratio:2,screen_width:1680,screen_height:1050,agent_ua_name:Chrome 42.0.2311,agent_ua_family:Chrome,agent_ua_version:42.0.2311,agent_ua_version_major:42,agent_os_name:Mac OS X 10.10.3,agent_os_version:10.10.3,agent_os_family:Mac OS X,agent_os_major:10,agent_device:Other
