fxa.content.tooltip.mailcheck-used:1|c|#campaign:none,context:web,broker:base,entrypoint:none,migration:none,lang:en,service:none,screen_client_width:819,screen_client_height:955,screen_device_pixel_ratio:2,screen_width:1680,screen_height:1050,agent_ua_name:Chrome 43.0.2357,agent_ua_family:Chrome,agent_ua_version:43.0.2357,agent_ua_version_major:43,agent_os_name:Mac OS X 10.10.3,agent_os_version:10.10.3,agent_os_family:Mac OS X,agent_os_major:10,agent_device:Other,ab_are_the_communication_preferences_enabled_communicationprefsvisible:true,ab_mailcheck_is_enable_or_disabled_mailcheckenabled:true
